kotlin version: 2.1.21
error message: java.lang.OutOfMemoryError: GC overhead limit exceeded
	at kotlin.LazyKt__LazyJVMKt.lazy(LazyJVM.kt:23)
	at org.jetbrains.kotlin.wasm.ir.convertors.WasmIrToBinary$SourceLocationMappingToBinary.<init>(WasmIrToBinary.kt:664)
	at org.jetbrains.kotlin.wasm.ir.convertors.WasmIrToBinary.getCurrentSourceLocationMapping(WasmIrToBinary.kt:280)
	at org.jetbrains.kotlin.wasm.ir.convertors.WasmIrToBinary.appendInstr(WasmIrToBinary.kt:259)
	at org.jetbrains.kotlin.wasm.ir.convertors.WasmIrToBinary.appendExpr(WasmIrToBinary.kt:490)
	at org.jetbrains.kotlin.wasm.ir.convertors.WasmIrToBinary.appendCode$lambda$60(WasmIrToBinary.kt:594)
	at org.jetbrains.kotlin.wasm.ir.convertors.WasmIrToBinary$$Lambda/0x0000028ba2993dd8.invoke(Unknown Source)
	at org.jetbrains.kotlin.wasm.ir.convertors.WasmIrToBinary.withVarUInt32PayloadSizePrepended(WasmIrToBinary.kt:343)
	at org.jetbrains.kotlin.wasm.ir.convertors.WasmIrToBinary.withVarUInt32PayloadSizePrepended$default(WasmIrToBinary.kt:335)
	at org.jetbrains.kotlin.wasm.ir.convertors.WasmIrToBinary.appendCode(WasmIrToBinary.kt:578)
	at org.jetbrains.kotlin.wasm.ir.convertors.WasmIrToBinary.appendWasmModule$lambda$29$lambda$25(WasmIrToBinary.kt:179)
	at org.jetbrains.kotlin.wasm.ir.convertors.WasmIrToBinary$$Lambda/0x0000028ba29937a8.invoke(Unknown Source)
	at org.jetbrains.kotlin.wasm.ir.convertors.WasmIrToBinary.appendSection_hrJef0E$lambda$47(WasmIrToBinary.kt:332)
	at org.jetbrains.kotlin.wasm.ir.convertors.WasmIrToBinary$$Lambda/0x0000028ba298e878.invoke(Unknown Source)
	at org.jetbrains.kotlin.wasm.ir.convertors.WasmIrToBinary.withVarUInt32PayloadSizePrepended(WasmIrToBinary.kt:343)
	at org.jetbrains.kotlin.wasm.ir.convertors.WasmIrToBinary.appendSection-hrJef0E(WasmIrToBinary.kt:332)
	at org.jetbrains.kotlin.wasm.ir.convertors.WasmIrToBinary.appendWasmModule(WasmIrToBinary.kt:177)
	at org.jetbrains.kotlin.backend.wasm.WasmCompilerKt.compileWasm-RrbjFdM(wasmCompiler.kt:197)
	at org.jetbrains.kotlin.cli.pipeline.web.wasm.WasmBackendPipelinePhase.compileNonIncrementally$cli_js(WasmBackendPipelinePhase.kt:171)
	at org.jetbrains.kotlin.cli.pipeline.web.wasm.WasmBackendPipelinePhase.compileNonIncrementally(WasmBackendPipelinePhase.kt:103)
	at org.jetbrains.kotlin.cli.pipeline.web.wasm.WasmBackendPipelinePhase.compileNonIncrementally(WasmBackendPipelinePhase.kt:34)
	at org.jetbrains.kotlin.cli.pipeline.web.WebBackendPipelinePhase.executePhase(WebBackendPipelinePhase.kt:127)
	at org.jetbrains.kotlin.cli.pipeline.web.WebBackendPipelinePhase.executePhase(WebBackendPipelinePhase.kt:30)
	at org.jetbrains.kotlin.cli.pipeline.PipelinePhase.phaseBody(PipelinePhase.kt:68)
	at org.jetbrains.kotlin.cli.pipeline.PipelinePhase.phaseBody(PipelinePhase.kt:58)
	at org.jetbrains.kotlin.config.phaser.SimpleNamedCompilerPhase.phaseBody(CompilerPhase.kt:215)
	at org.jetbrains.kotlin.config.phaser.NamedCompilerPhase.invoke(CompilerPhase.kt:111)
	at org.jetbrains.kotlin.backend.common.phaser.CompositePhase.invoke(PhaseBuilders.kt:28)
	at org.jetbrains.kotlin.config.phaser.CompilerPhaseKt.invokeToplevel(CompilerPhase.kt:62)
	at org.jetbrains.kotlin.cli.pipeline.AbstractCliPipeline.runPhasedPipeline(AbstractCliPipeline.kt:106)
	at org.jetbrains.kotlin.cli.pipeline.AbstractCliPipeline.execute(AbstractCliPipeline.kt:65)
	at org.jetbrains.kotlin.cli.js.K2JSCompiler.doExecutePhased(K2JSCompiler.kt:63)


